// Jest Snapshot v1, https://goo.gl/fbAQLP

exports[`Searchbar component does not render listbox until type any value 1`] = `
<div>
  <div
    class="flex h-full w-full flex-col bg-popover text-popover-foreground relative rounded-lg border max-w-lg z-50 overflow-visible"
    cmdk-root=""
  >
    <label
      cmdk-label=""
      for=":r2:"
      id=":r1:"
      style="position: absolute; width: 1px; height: 1px; padding: 0px; margin: -1px; overflow: hidden; clip: rect(0px, 0px, 0px, 0px); white-space: nowrap; border-width: 0px;"
    />
    <div
      class="flex items-center border-b px-3"
      cmdk-input-wrapper=""
    >
      <svg
        class="mr-2 h-4 w-4 shrink-0 opacity-50"
        fill="none"
        height="24"
        stroke="currentColor"
        stroke-linecap="round"
        stroke-linejoin="round"
        stroke-width="2"
        viewBox="0 0 24 24"
        width="24"
        xmlns="http://www.w3.org/2000/svg"
      >
        <circle
          cx="11"
          cy="11"
          r="8"
        />
        <path
          d="m21 21-4.3-4.3"
        />
      </svg>
      <input
        aria-autocomplete="list"
        aria-controls=":r0:"
        aria-expanded="true"
        aria-labelledby=":r1:"
        autocomplete="off"
        autocorrect="off"
        class="flex h-11 w-full rounded-md bg-transparent py-3 text-sm placeholder:text-muted-foreground disabled:cursor-not-allowed disabled:opacity-50 outline-none border-none focus:border-none focus:outline-none ring-0"
        cmdk-input=""
        id=":r2:"
        placeholder="Search communities..."
        role="combobox"
        spellcheck="false"
        type="text"
        value=""
      />
    </div>
  </div>
</div>
`;
